// Jest Snapshot v1, https://goo.gl/fbAQLP

exports[`FormHeader should render FormHeader correctly 1`] = `<Text />`;
